sum_t2: { d0 = 88 ; d1 = 110 }
sum_t4: { d0 = 34 ; d1 = 97 ; d2 = 88 ; d3 = 146 }
sum0: 52 sum1: 102
